// Jest Snapshot v1, https://goo.gl/fbAQLP

exports[`changes the class when hovered 1`] = `
<a
  className="normal"
  href="https://www.guusvandewal.nl"
  onMouseEnter={[Function]}
  onMouseLeave={[Function]}
>
  Facebook
</a>
`;

exports[`changes the class when hovered 2`] = `
<a
  className="hovered"
  href="https://www.guusvandewal.nl"
  onMouseEnter={[Function]}
  onMouseLeave={[Function]}
>
  Facebook
</a>
`;

exports[`changes the class when hovered 3`] = `
<a
  className="normal"
  href="https://www.guusvandewal.nl"
  onMouseEnter={[Function]}
  onMouseLeave={[Function]}
>
  Facebook
</a>
`;
